error: expected `#[rename = "name"]` attribute
 --> tests/ui/compile-fail-0.rs:4:9
  |
4 |         #[rename]
  |         ^
